// Jest Snapshot v1, https://goo.gl/fbAQLP

exports[`<Container  /> renders its children and applies the correct styles 1`] = `
.c0 {
  margin: 0 auto;
  padding: 0 1rem;
  max-width: 100%;
  width: 100%;
}

@media screen and (min-width:480px) {
  .c0 {
    max-width: 540px;
  }
}

@media screen and (min-width:768px) {
  .c0 {
    max-width: 720px;
  }
}

@media screen and (min-width:992px) {
  .c0 {
    max-width: 960px;
  }
}

@media screen and (min-width:1200px) {
  .c0 {
    max-width: 1140px;
  }
}

@media screen and (min-width:1440px) {
  .c0 {
    max-width: 1400px;
  }
}

<div>
  <div
    class="c0"
  >
    <p>
      Some text in the container
    </p>
  </div>
</div>
`;
