// Jest Snapshot v1, https://goo.gl/fbAQLP

exports[`<Button /> should render the button and content 1`] = `
.c0 {
  background-color: transparent;
  color: white;
  border: 0.125rem solid #90c6e7;
  border-radius: 0.25rem;
  padding: 1rem 1.5rem;
  font-size: 1.25rem;
  font-weight: 600;
  cursor: pointer;
  -webkit-transition: background-color 0.25s,color 0.5s;
  transition: background-color 0.25s,color 0.5s;
}

.c0:hover,
.c0:focus {
  background-color: #90c6e7;
  color: #045a72;
}

<div>
  <button
    class="c0"
  >
    <p
      role="text"
    >
      Button
    </p>
  </button>
</div>
`;
